<?xml version="1.0" encoding="UTF-8"?>
<TestRun id="163884bb-f1c9-4652-9e4a-e4749ab6398e" name="Administrator@HJYANG 2018-09-06 23:59:36" runUser="HJYANG\Administrator" xmlns="http://microsoft.com/schemas/VisualStudio/TeamTest/2010">
  <TestSettings name="本地" id="2528fc98-d90d-4c8b-aea5-8dd477e84bae">
    <Description>这些设置为本地测试运行的默认测试设置。</Description>
    <Deployment enabled="false" runDeploymentRoot="Administrator_HJYANG 2018-09-06 23_59_36">
      <DeploymentItem filename="E:\AnyShare Cloud\杨慧炯\C#2018秋\AssignmentTwo\AssignmentTwo\bin\Debug\AssignmentTwo.exe" />
    </Deployment>
    <Execution>
      <TestTypeSpecific />
      <AgentRule name="Execution Agents">
      </AgentRule>
    </Execution>
  </TestSettings>
  <Times creation="2018-09-06T23:59:36.1484039+08:00" queuing="2018-09-06T23:59:36.6351246+08:00" start="2018-09-06T23:59:36.6561122+08:00" finish="2018-09-06T23:59:37.2457754+08:00" />
  <ResultSummary outcome="Failed">
    <Counters total="8" executed="8" passed="7" error="0" failed="1" timeout="0" aborted="0" inconclusive="0" passedButRunAborted="0" notRunnable="0" notExecuted="0" disconnected="0" warning="0" completed="0" inProgress="0" pending="0" />
  </ResultSummary>
  <TestDefinitions>
    <UnitTest name="concatArrayUnitTest" storage="e:\anyshare cloud\杨慧炯\c#2018秋\assignmenttwo\testassigntmenttwo\bin\debug\testassigntmenttwo.dll" id="c3ab52fe-7d09-263f-1652-d6db76b5468d">
      <Execution id="f10345d4-40b7-4c7c-9d05-dde68d293ffd" />
      <TestMethod codeBase="E:/AnyShare Cloud/杨慧炯/C#2018秋/AssignmentTwo/TestAssigntmentTwo/bin/Debug/TestAssigntmentTwo.DLL" adapterTypeName="Microsoft.VisualStudio.TestTools.TestTypes.Unit.UnitTestAdapter, Microsoft.VisualStudio.QualityTools.Tips.UnitTest.Adapter, Version=10.0.0.0, Culture=neutral, PublicKeyToken=b03f5f7f11d50a3a" className="TestAssigntmentTwo.TestAssignmentTwo, TestAssigntmentTwo, Version=1.0.0.0, Culture=neutral, PublicKeyToken=null" name="concatArrayUnitTest" />
    </UnitTest>
    <UnitTest name="bigDiffUnitTest" storage="e:\anyshare cloud\杨慧炯\c#2018秋\assignmenttwo\testassigntmenttwo\bin\debug\testassigntmenttwo.dll" id="133f1754-cead-6f3e-0ec8-a62fbf84ab88">
      <Execution id="2839dfbf-6cff-42e4-aa82-e18cc16e5f11" />
      <TestMethod codeBase="E:/AnyShare Cloud/杨慧炯/C#2018秋/AssignmentTwo/TestAssigntmentTwo/bin/Debug/TestAssigntmentTwo.DLL" adapterTypeName="Microsoft.VisualStudio.TestTools.TestTypes.Unit.UnitTestAdapter, Microsoft.VisualStudio.QualityTools.Tips.UnitTest.Adapter, Version=10.0.0.0, Culture=neutral, PublicKeyToken=b03f5f7f11d50a3a" className="TestAssigntmentTwo.TestAssignmentTwo, TestAssigntmentTwo, Version=1.0.0.0, Culture=neutral, PublicKeyToken=null" name="bigDiffUnitTest" />
    </UnitTest>
    <UnitTest name="minUnitTest" storage="e:\anyshare cloud\杨慧炯\c#2018秋\assignmenttwo\testassigntmenttwo\bin\debug\testassigntmenttwo.dll" id="3a28acc5-0811-60d1-0142-344efeca9257">
      <Execution id="21946abf-66ef-46d5-ae71-1148665d0573" />
      <TestMethod codeBase="E:/AnyShare Cloud/杨慧炯/C#2018秋/AssignmentTwo/TestAssigntmentTwo/bin/Debug/TestAssigntmentTwo.DLL" adapterTypeName="Microsoft.VisualStudio.TestTools.TestTypes.Unit.UnitTestAdapter, Microsoft.VisualStudio.QualityTools.Tips.UnitTest.Adapter, Version=10.0.0.0, Culture=neutral, PublicKeyToken=b03f5f7f11d50a3a" className="TestAssigntmentTwo.TestAssignmentTwo, TestAssigntmentTwo, Version=1.0.0.0, Culture=neutral, PublicKeyToken=null" name="minUnitTest" />
    </UnitTest>
    <UnitTest name="isTriangularUnitTest" storage="e:\anyshare cloud\杨慧炯\c#2018秋\assignmenttwo\testassigntmenttwo\bin\debug\testassigntmenttwo.dll" id="18f28d63-dddf-ac67-77e0-81526b25650b">
      <Execution id="158912f3-c382-4aed-ac6a-34f064d6a669" />
      <TestMethod codeBase="E:/AnyShare Cloud/杨慧炯/C#2018秋/AssignmentTwo/TestAssigntmentTwo/bin/Debug/TestAssigntmentTwo.DLL" adapterTypeName="Microsoft.VisualStudio.TestTools.TestTypes.Unit.UnitTestAdapter, Microsoft.VisualStudio.QualityTools.Tips.UnitTest.Adapter, Version=10.0.0.0, Culture=neutral, PublicKeyToken=b03f5f7f11d50a3a" className="TestAssigntmentTwo.TestAssignmentTwo, TestAssigntmentTwo, Version=1.0.0.0, Culture=neutral, PublicKeyToken=null" name="isTriangularUnitTest" />
    </UnitTest>
    <UnitTest name="numberOfDivisorsUnitTest" storage="e:\anyshare cloud\杨慧炯\c#2018秋\assignmenttwo\testassigntmenttwo\bin\debug\testassigntmenttwo.dll" id="367ebf26-a966-0f57-34c8-dd178c31dc6c">
      <Execution id="9023dd24-467b-4d2b-b974-c8b8979e5beb" />
      <TestMethod codeBase="E:/AnyShare Cloud/杨慧炯/C#2018秋/AssignmentTwo/TestAssigntmentTwo/bin/Debug/TestAssigntmentTwo.DLL" adapterTypeName="Microsoft.VisualStudio.TestTools.TestTypes.Unit.UnitTestAdapter, Microsoft.VisualStudio.QualityTools.Tips.UnitTest.Adapter, Version=10.0.0.0, Culture=neutral, PublicKeyToken=b03f5f7f11d50a3a" className="TestAssigntmentTwo.TestAssignmentTwo, TestAssigntmentTwo, Version=1.0.0.0, Culture=neutral, PublicKeyToken=null" name="numberOfDivisorsUnitTest" />
    </UnitTest>
    <UnitTest name="mostCommonItemUnitTest" storage="e:\anyshare cloud\杨慧炯\c#2018秋\assignmenttwo\testassigntmenttwo\bin\debug\testassigntmenttwo.dll" id="32390355-2471-838d-41b3-60f0b7013a86">
      <Execution id="20f78bcd-e81a-4a29-be5f-5afa233a251a" />
      <TestMethod codeBase="E:/AnyShare Cloud/杨慧炯/C#2018秋/AssignmentTwo/TestAssigntmentTwo/bin/Debug/TestAssigntmentTwo.DLL" adapterTypeName="Microsoft.VisualStudio.TestTools.TestTypes.Unit.UnitTestAdapter, Microsoft.VisualStudio.QualityTools.Tips.UnitTest.Adapter, Version=10.0.0.0, Culture=neutral, PublicKeyToken=b03f5f7f11d50a3a" className="TestAssigntmentTwo.TestAssignmentTwo, TestAssigntmentTwo, Version=1.0.0.0, Culture=neutral, PublicKeyToken=null" name="mostCommonItemUnitTest" />
    </UnitTest>
    <UnitTest name="maxUnitTest" storage="e:\anyshare cloud\杨慧炯\c#2018秋\assignmenttwo\testassigntmenttwo\bin\debug\testassigntmenttwo.dll" id="b49c96b9-d0f6-76a9-bfd0-ff6706da91df">
      <Execution id="3b0eccdf-6059-44a2-80d1-6fb16cb32c8d" />
      <TestMethod codeBase="E:/AnyShare Cloud/杨慧炯/C#2018秋/AssignmentTwo/TestAssigntmentTwo/bin/Debug/TestAssigntmentTwo.DLL" adapterTypeName="Microsoft.VisualStudio.TestTools.TestTypes.Unit.UnitTestAdapter, Microsoft.VisualStudio.QualityTools.Tips.UnitTest.Adapter, Version=10.0.0.0, Culture=neutral, PublicKeyToken=b03f5f7f11d50a3a" className="TestAssigntmentTwo.TestAssignmentTwo, TestAssigntmentTwo, Version=1.0.0.0, Culture=neutral, PublicKeyToken=null" name="maxUnitTest" />
    </UnitTest>
    <UnitTest name="formatArrayUnitTest" storage="e:\anyshare cloud\杨慧炯\c#2018秋\assignmenttwo\testassigntmenttwo\bin\debug\testassigntmenttwo.dll" id="0d774269-4a69-d206-119a-6e63576ba2dc">
      <Execution id="cc1243a8-5be5-4af6-872c-abacfbf57617" />
      <TestMethod codeBase="E:/AnyShare Cloud/杨慧炯/C#2018秋/AssignmentTwo/TestAssigntmentTwo/bin/Debug/TestAssigntmentTwo.DLL" adapterTypeName="Microsoft.VisualStudio.TestTools.TestTypes.Unit.UnitTestAdapter, Microsoft.VisualStudio.QualityTools.Tips.UnitTest.Adapter, Version=10.0.0.0, Culture=neutral, PublicKeyToken=b03f5f7f11d50a3a" className="TestAssigntmentTwo.TestAssignmentTwo, TestAssigntmentTwo, Version=1.0.0.0, Culture=neutral, PublicKeyToken=null" name="formatArrayUnitTest" />
    </UnitTest>
  </TestDefinitions>
  <TestLists>
    <TestList name="列表中未列出的结果" id="8c84fa94-04c1-424b-9868-57a2d4851a1d" />
    <TestList name="所有已加载的结果" id="19431567-8539-422a-85d7-44ee4e166bda" />
  </TestLists>
  <TestEntries>
    <TestEntry testId="b49c96b9-d0f6-76a9-bfd0-ff6706da91df" executionId="3b0eccdf-6059-44a2-80d1-6fb16cb32c8d" testListId="8c84fa94-04c1-424b-9868-57a2d4851a1d" />
    <TestEntry testId="3a28acc5-0811-60d1-0142-344efeca9257" executionId="21946abf-66ef-46d5-ae71-1148665d0573" testListId="8c84fa94-04c1-424b-9868-57a2d4851a1d" />
    <TestEntry testId="32390355-2471-838d-41b3-60f0b7013a86" executionId="20f78bcd-e81a-4a29-be5f-5afa233a251a" testListId="8c84fa94-04c1-424b-9868-57a2d4851a1d" />
    <TestEntry testId="367ebf26-a966-0f57-34c8-dd178c31dc6c" executionId="9023dd24-467b-4d2b-b974-c8b8979e5beb" testListId="8c84fa94-04c1-424b-9868-57a2d4851a1d" />
    <TestEntry testId="18f28d63-dddf-ac67-77e0-81526b25650b" executionId="158912f3-c382-4aed-ac6a-34f064d6a669" testListId="8c84fa94-04c1-424b-9868-57a2d4851a1d" />
    <TestEntry testId="0d774269-4a69-d206-119a-6e63576ba2dc" executionId="cc1243a8-5be5-4af6-872c-abacfbf57617" testListId="8c84fa94-04c1-424b-9868-57a2d4851a1d" />
    <TestEntry testId="c3ab52fe-7d09-263f-1652-d6db76b5468d" executionId="f10345d4-40b7-4c7c-9d05-dde68d293ffd" testListId="8c84fa94-04c1-424b-9868-57a2d4851a1d" />
    <TestEntry testId="133f1754-cead-6f3e-0ec8-a62fbf84ab88" executionId="2839dfbf-6cff-42e4-aa82-e18cc16e5f11" testListId="8c84fa94-04c1-424b-9868-57a2d4851a1d" />
  </TestEntries>
  <Results>
    <UnitTestResult executionId="3b0eccdf-6059-44a2-80d1-6fb16cb32c8d" testId="b49c96b9-d0f6-76a9-bfd0-ff6706da91df" testName="maxUnitTest" computerName="HJYANG" duration="00:00:00.0615628" startTime="2018-09-06T23:59:36.6631092+08:00" endTime="2018-09-06T23:59:37.1568275+08:00" testType="13cdc9d9-ddb5-4fa4-a97d-d965ccfc6d4b" outcome="Failed" testListId="8c84fa94-04c1-424b-9868-57a2d4851a1d" relativeResultsDirectory="3b0eccdf-6059-44a2-80d1-6fb16cb32c8d">
      <Output>
        <ErrorInfo>
          <Message>Assert.AreEqual 失败。应为: &lt;4&gt;，实际为: &lt;14&gt;。</Message>
          <StackTrace>   在 TestAssigntmentTwo.TestAssignmentTwo.maxUnitTest() 位置 E:\AnyShare Cloud\杨慧炯\C#2018秋\AssignmentTwo\TestAssigntmentTwo\TestAssignmentTwo.cs:行号 82
</StackTrace>
        </ErrorInfo>
      </Output>
    </UnitTestResult>
    <UnitTestResult executionId="21946abf-66ef-46d5-ae71-1148665d0573" testId="3a28acc5-0811-60d1-0142-344efeca9257" testName="minUnitTest" computerName="HJYANG" duration="00:00:00.0003925" startTime="2018-09-06T23:59:37.1588255+08:00" endTime="2018-09-06T23:59:37.1618237+08:00" testType="13cdc9d9-ddb5-4fa4-a97d-d965ccfc6d4b" outcome="Passed" testListId="8c84fa94-04c1-424b-9868-57a2d4851a1d" relativeResultsDirectory="21946abf-66ef-46d5-ae71-1148665d0573">
    </UnitTestResult>
    <UnitTestResult executionId="20f78bcd-e81a-4a29-be5f-5afa233a251a" testId="32390355-2471-838d-41b3-60f0b7013a86" testName="mostCommonItemUnitTest" computerName="HJYANG" duration="00:00:00.0004861" startTime="2018-09-06T23:59:37.1638225+08:00" endTime="2018-09-06T23:59:37.1658217+08:00" testType="13cdc9d9-ddb5-4fa4-a97d-d965ccfc6d4b" outcome="Passed" testListId="8c84fa94-04c1-424b-9868-57a2d4851a1d" relativeResultsDirectory="20f78bcd-e81a-4a29-be5f-5afa233a251a">
    </UnitTestResult>
    <UnitTestResult executionId="9023dd24-467b-4d2b-b974-c8b8979e5beb" testId="367ebf26-a966-0f57-34c8-dd178c31dc6c" testName="numberOfDivisorsUnitTest" computerName="HJYANG" duration="00:00:00.0262323" startTime="2018-09-06T23:59:37.1668201+08:00" endTime="2018-09-06T23:59:37.1948050+08:00" testType="13cdc9d9-ddb5-4fa4-a97d-d965ccfc6d4b" outcome="Passed" testListId="8c84fa94-04c1-424b-9868-57a2d4851a1d" relativeResultsDirectory="9023dd24-467b-4d2b-b974-c8b8979e5beb">
    </UnitTestResult>
    <UnitTestResult executionId="158912f3-c382-4aed-ac6a-34f064d6a669" testId="18f28d63-dddf-ac67-77e0-81526b25650b" testName="isTriangularUnitTest" computerName="HJYANG" duration="00:00:00.0008558" startTime="2018-09-06T23:59:37.1968044+08:00" endTime="2018-09-06T23:59:37.1998017+08:00" testType="13cdc9d9-ddb5-4fa4-a97d-d965ccfc6d4b" outcome="Passed" testListId="8c84fa94-04c1-424b-9868-57a2d4851a1d" relativeResultsDirectory="158912f3-c382-4aed-ac6a-34f064d6a669">
    </UnitTestResult>
    <UnitTestResult executionId="cc1243a8-5be5-4af6-872c-abacfbf57617" testId="0d774269-4a69-d206-119a-6e63576ba2dc" testName="formatArrayUnitTest" computerName="HJYANG" duration="00:00:00.0003637" startTime="2018-09-06T23:59:37.2008015+08:00" endTime="2018-09-06T23:59:37.2027995+08:00" testType="13cdc9d9-ddb5-4fa4-a97d-d965ccfc6d4b" outcome="Passed" testListId="8c84fa94-04c1-424b-9868-57a2d4851a1d" relativeResultsDirectory="cc1243a8-5be5-4af6-872c-abacfbf57617">
    </UnitTestResult>
    <UnitTestResult executionId="f10345d4-40b7-4c7c-9d05-dde68d293ffd" testId="c3ab52fe-7d09-263f-1652-d6db76b5468d" testName="concatArrayUnitTest" computerName="HJYANG" duration="00:00:00.0007578" startTime="2018-09-06T23:59:37.2038005+08:00" endTime="2018-09-06T23:59:37.2057988+08:00" testType="13cdc9d9-ddb5-4fa4-a97d-d965ccfc6d4b" outcome="Passed" testListId="8c84fa94-04c1-424b-9868-57a2d4851a1d" relativeResultsDirectory="f10345d4-40b7-4c7c-9d05-dde68d293ffd">
    </UnitTestResult>
    <UnitTestResult executionId="2839dfbf-6cff-42e4-aa82-e18cc16e5f11" testId="133f1754-cead-6f3e-0ec8-a62fbf84ab88" testName="bigDiffUnitTest" computerName="HJYANG" duration="00:00:00.0003486" startTime="2018-09-06T23:59:37.2067978+08:00" endTime="2018-09-06T23:59:37.2087970+08:00" testType="13cdc9d9-ddb5-4fa4-a97d-d965ccfc6d4b" outcome="Passed" testListId="8c84fa94-04c1-424b-9868-57a2d4851a1d" relativeResultsDirectory="2839dfbf-6cff-42e4-aa82-e18cc16e5f11">
    </UnitTestResult>
  </Results>
</TestRun>