<?xml version="1.0" encoding="UTF-8"?>
<TestRun id="ba98efdb-82a0-41ec-b292-f710f4150f97" name="Administrator@HJYANG 2018-09-07 00:26:55" runUser="HJYANG\Administrator" xmlns="http://microsoft.com/schemas/VisualStudio/TeamTest/2010">
  <TestSettings name="本地" id="2528fc98-d90d-4c8b-aea5-8dd477e84bae">
    <Description>这些设置为本地测试运行的默认测试设置。</Description>
    <Deployment enabled="false" runDeploymentRoot="Administrator_HJYANG 2018-09-07 00_26_55">
      <DeploymentItem filename="E:\AnyShare Cloud\杨慧炯\C#2018秋\AssignmentTwo\AssignmentTwo\bin\Debug\AssignmentTwo.exe" />
    </Deployment>
    <Execution>
      <TestTypeSpecific />
      <AgentRule name="Execution Agents">
      </AgentRule>
    </Execution>
  </TestSettings>
  <Times creation="2018-09-07T00:26:55.5693822+08:00" queuing="2018-09-07T00:26:58.3398012+08:00" start="2018-09-07T00:26:58.3717724+08:00" finish="2018-09-07T00:26:58.9264549+08:00" />
  <ResultSummary outcome="Completed">
    <Counters total="8" executed="8" passed="8" error="0" failed="0" timeout="0" aborted="0" inconclusive="0" passedButRunAborted="0" notRunnable="0" notExecuted="0" disconnected="0" warning="0" completed="0" inProgress="0" pending="0" />
    <Output>
      <StdOut>Your score is :
</StdOut>
    </Output>
  </ResultSummary>
  <TestDefinitions>
    <UnitTest name="concatArrayUnitTest" storage="e:\anyshare cloud\杨慧炯\c#2018秋\assignmenttwo\testassigntmenttwo\bin\debug\testassigntmenttwo.dll" id="c3ab52fe-7d09-263f-1652-d6db76b5468d">
      <Execution id="3f59aa89-16ec-4dc8-8be6-84807c15bd92" />
      <TestMethod codeBase="E:/AnyShare Cloud/杨慧炯/C#2018秋/AssignmentTwo/TestAssigntmentTwo/bin/Debug/TestAssigntmentTwo.DLL" adapterTypeName="Microsoft.VisualStudio.TestTools.TestTypes.Unit.UnitTestAdapter, Microsoft.VisualStudio.QualityTools.Tips.UnitTest.Adapter, Version=10.0.0.0, Culture=neutral, PublicKeyToken=b03f5f7f11d50a3a" className="TestAssigntmentTwo.TestAssignmentTwo, TestAssigntmentTwo, Version=1.0.0.0, Culture=neutral, PublicKeyToken=null" name="concatArrayUnitTest" />
    </UnitTest>
    <UnitTest name="bigDiffUnitTest" storage="e:\anyshare cloud\杨慧炯\c#2018秋\assignmenttwo\testassigntmenttwo\bin\debug\testassigntmenttwo.dll" id="133f1754-cead-6f3e-0ec8-a62fbf84ab88">
      <Execution id="0806bc04-d569-4728-a1b6-ca42c93f860c" />
      <TestMethod codeBase="E:/AnyShare Cloud/杨慧炯/C#2018秋/AssignmentTwo/TestAssigntmentTwo/bin/Debug/TestAssigntmentTwo.DLL" adapterTypeName="Microsoft.VisualStudio.TestTools.TestTypes.Unit.UnitTestAdapter, Microsoft.VisualStudio.QualityTools.Tips.UnitTest.Adapter, Version=10.0.0.0, Culture=neutral, PublicKeyToken=b03f5f7f11d50a3a" className="TestAssigntmentTwo.TestAssignmentTwo, TestAssigntmentTwo, Version=1.0.0.0, Culture=neutral, PublicKeyToken=null" name="bigDiffUnitTest" />
    </UnitTest>
    <UnitTest name="minUnitTest" storage="e:\anyshare cloud\杨慧炯\c#2018秋\assignmenttwo\testassigntmenttwo\bin\debug\testassigntmenttwo.dll" id="3a28acc5-0811-60d1-0142-344efeca9257">
      <Execution id="dae9d1d5-074e-4173-95e6-956110e16661" />
      <TestMethod codeBase="E:/AnyShare Cloud/杨慧炯/C#2018秋/AssignmentTwo/TestAssigntmentTwo/bin/Debug/TestAssigntmentTwo.DLL" adapterTypeName="Microsoft.VisualStudio.TestTools.TestTypes.Unit.UnitTestAdapter, Microsoft.VisualStudio.QualityTools.Tips.UnitTest.Adapter, Version=10.0.0.0, Culture=neutral, PublicKeyToken=b03f5f7f11d50a3a" className="TestAssigntmentTwo.TestAssignmentTwo, TestAssigntmentTwo, Version=1.0.0.0, Culture=neutral, PublicKeyToken=null" name="minUnitTest" />
    </UnitTest>
    <UnitTest name="isTriangularUnitTest" storage="e:\anyshare cloud\杨慧炯\c#2018秋\assignmenttwo\testassigntmenttwo\bin\debug\testassigntmenttwo.dll" id="18f28d63-dddf-ac67-77e0-81526b25650b">
      <Execution id="93eba8cf-94bc-43c4-8f24-655d050d412a" />
      <TestMethod codeBase="E:/AnyShare Cloud/杨慧炯/C#2018秋/AssignmentTwo/TestAssigntmentTwo/bin/Debug/TestAssigntmentTwo.DLL" adapterTypeName="Microsoft.VisualStudio.TestTools.TestTypes.Unit.UnitTestAdapter, Microsoft.VisualStudio.QualityTools.Tips.UnitTest.Adapter, Version=10.0.0.0, Culture=neutral, PublicKeyToken=b03f5f7f11d50a3a" className="TestAssigntmentTwo.TestAssignmentTwo, TestAssigntmentTwo, Version=1.0.0.0, Culture=neutral, PublicKeyToken=null" name="isTriangularUnitTest" />
    </UnitTest>
    <UnitTest name="numberOfDivisorsUnitTest" storage="e:\anyshare cloud\杨慧炯\c#2018秋\assignmenttwo\testassigntmenttwo\bin\debug\testassigntmenttwo.dll" id="367ebf26-a966-0f57-34c8-dd178c31dc6c">
      <Execution id="03a51cd9-6f8a-445c-8283-7c7e49985f4f" />
      <TestMethod codeBase="E:/AnyShare Cloud/杨慧炯/C#2018秋/AssignmentTwo/TestAssigntmentTwo/bin/Debug/TestAssigntmentTwo.DLL" adapterTypeName="Microsoft.VisualStudio.TestTools.TestTypes.Unit.UnitTestAdapter, Microsoft.VisualStudio.QualityTools.Tips.UnitTest.Adapter, Version=10.0.0.0, Culture=neutral, PublicKeyToken=b03f5f7f11d50a3a" className="TestAssigntmentTwo.TestAssignmentTwo, TestAssigntmentTwo, Version=1.0.0.0, Culture=neutral, PublicKeyToken=null" name="numberOfDivisorsUnitTest" />
    </UnitTest>
    <UnitTest name="mostCommonItemUnitTest" storage="e:\anyshare cloud\杨慧炯\c#2018秋\assignmenttwo\testassigntmenttwo\bin\debug\testassigntmenttwo.dll" id="32390355-2471-838d-41b3-60f0b7013a86">
      <Execution id="b360c1f3-a9d4-4a7f-ace8-08668aa18de9" />
      <TestMethod codeBase="E:/AnyShare Cloud/杨慧炯/C#2018秋/AssignmentTwo/TestAssigntmentTwo/bin/Debug/TestAssigntmentTwo.DLL" adapterTypeName="Microsoft.VisualStudio.TestTools.TestTypes.Unit.UnitTestAdapter, Microsoft.VisualStudio.QualityTools.Tips.UnitTest.Adapter, Version=10.0.0.0, Culture=neutral, PublicKeyToken=b03f5f7f11d50a3a" className="TestAssigntmentTwo.TestAssignmentTwo, TestAssigntmentTwo, Version=1.0.0.0, Culture=neutral, PublicKeyToken=null" name="mostCommonItemUnitTest" />
    </UnitTest>
    <UnitTest name="maxUnitTest" storage="e:\anyshare cloud\杨慧炯\c#2018秋\assignmenttwo\testassigntmenttwo\bin\debug\testassigntmenttwo.dll" id="b49c96b9-d0f6-76a9-bfd0-ff6706da91df">
      <Execution id="c6ac9f3f-a3a2-4897-979b-5edc37d10a5c" />
      <TestMethod codeBase="E:/AnyShare Cloud/杨慧炯/C#2018秋/AssignmentTwo/TestAssigntmentTwo/bin/Debug/TestAssigntmentTwo.DLL" adapterTypeName="Microsoft.VisualStudio.TestTools.TestTypes.Unit.UnitTestAdapter, Microsoft.VisualStudio.QualityTools.Tips.UnitTest.Adapter, Version=10.0.0.0, Culture=neutral, PublicKeyToken=b03f5f7f11d50a3a" className="TestAssigntmentTwo.TestAssignmentTwo, TestAssigntmentTwo, Version=1.0.0.0, Culture=neutral, PublicKeyToken=null" name="maxUnitTest" />
    </UnitTest>
    <UnitTest name="formatArrayUnitTest" storage="e:\anyshare cloud\杨慧炯\c#2018秋\assignmenttwo\testassigntmenttwo\bin\debug\testassigntmenttwo.dll" id="0d774269-4a69-d206-119a-6e63576ba2dc">
      <Execution id="646588f3-e2b6-4e3b-ad42-8fb3c64af180" />
      <TestMethod codeBase="E:/AnyShare Cloud/杨慧炯/C#2018秋/AssignmentTwo/TestAssigntmentTwo/bin/Debug/TestAssigntmentTwo.DLL" adapterTypeName="Microsoft.VisualStudio.TestTools.TestTypes.Unit.UnitTestAdapter, Microsoft.VisualStudio.QualityTools.Tips.UnitTest.Adapter, Version=10.0.0.0, Culture=neutral, PublicKeyToken=b03f5f7f11d50a3a" className="TestAssigntmentTwo.TestAssignmentTwo, TestAssigntmentTwo, Version=1.0.0.0, Culture=neutral, PublicKeyToken=null" name="formatArrayUnitTest" />
    </UnitTest>
  </TestDefinitions>
  <TestLists>
    <TestList name="列表中未列出的结果" id="8c84fa94-04c1-424b-9868-57a2d4851a1d" />
    <TestList name="所有已加载的结果" id="19431567-8539-422a-85d7-44ee4e166bda" />
  </TestLists>
  <TestEntries>
    <TestEntry testId="b49c96b9-d0f6-76a9-bfd0-ff6706da91df" executionId="c6ac9f3f-a3a2-4897-979b-5edc37d10a5c" testListId="8c84fa94-04c1-424b-9868-57a2d4851a1d" />
    <TestEntry testId="3a28acc5-0811-60d1-0142-344efeca9257" executionId="dae9d1d5-074e-4173-95e6-956110e16661" testListId="8c84fa94-04c1-424b-9868-57a2d4851a1d" />
    <TestEntry testId="32390355-2471-838d-41b3-60f0b7013a86" executionId="b360c1f3-a9d4-4a7f-ace8-08668aa18de9" testListId="8c84fa94-04c1-424b-9868-57a2d4851a1d" />
    <TestEntry testId="367ebf26-a966-0f57-34c8-dd178c31dc6c" executionId="03a51cd9-6f8a-445c-8283-7c7e49985f4f" testListId="8c84fa94-04c1-424b-9868-57a2d4851a1d" />
    <TestEntry testId="18f28d63-dddf-ac67-77e0-81526b25650b" executionId="93eba8cf-94bc-43c4-8f24-655d050d412a" testListId="8c84fa94-04c1-424b-9868-57a2d4851a1d" />
    <TestEntry testId="0d774269-4a69-d206-119a-6e63576ba2dc" executionId="646588f3-e2b6-4e3b-ad42-8fb3c64af180" testListId="8c84fa94-04c1-424b-9868-57a2d4851a1d" />
    <TestEntry testId="c3ab52fe-7d09-263f-1652-d6db76b5468d" executionId="3f59aa89-16ec-4dc8-8be6-84807c15bd92" testListId="8c84fa94-04c1-424b-9868-57a2d4851a1d" />
    <TestEntry testId="133f1754-cead-6f3e-0ec8-a62fbf84ab88" executionId="0806bc04-d569-4728-a1b6-ca42c93f860c" testListId="8c84fa94-04c1-424b-9868-57a2d4851a1d" />
  </TestEntries>
  <Results>
    <UnitTestResult executionId="c6ac9f3f-a3a2-4897-979b-5edc37d10a5c" testId="b49c96b9-d0f6-76a9-bfd0-ff6706da91df" testName="maxUnitTest" computerName="HJYANG" duration="00:00:00.0127643" startTime="2018-09-07T00:26:58.3777701+08:00" endTime="2018-09-07T00:26:58.8494987+08:00" testType="13cdc9d9-ddb5-4fa4-a97d-d965ccfc6d4b" outcome="Passed" testListId="8c84fa94-04c1-424b-9868-57a2d4851a1d" relativeResultsDirectory="c6ac9f3f-a3a2-4897-979b-5edc37d10a5c">
    </UnitTestResult>
    <UnitTestResult executionId="dae9d1d5-074e-4173-95e6-956110e16661" testId="3a28acc5-0811-60d1-0142-344efeca9257" testName="minUnitTest" computerName="HJYANG" duration="00:00:00.0002677" startTime="2018-09-07T00:26:58.8504986+08:00" endTime="2018-09-07T00:26:58.8524977+08:00" testType="13cdc9d9-ddb5-4fa4-a97d-d965ccfc6d4b" outcome="Passed" testListId="8c84fa94-04c1-424b-9868-57a2d4851a1d" relativeResultsDirectory="dae9d1d5-074e-4173-95e6-956110e16661">
    </UnitTestResult>
    <UnitTestResult executionId="b360c1f3-a9d4-4a7f-ace8-08668aa18de9" testId="32390355-2471-838d-41b3-60f0b7013a86" testName="mostCommonItemUnitTest" computerName="HJYANG" duration="00:00:00.0002976" startTime="2018-09-07T00:26:58.8544966+08:00" endTime="2018-09-07T00:26:58.8554959+08:00" testType="13cdc9d9-ddb5-4fa4-a97d-d965ccfc6d4b" outcome="Passed" testListId="8c84fa94-04c1-424b-9868-57a2d4851a1d" relativeResultsDirectory="b360c1f3-a9d4-4a7f-ace8-08668aa18de9">
    </UnitTestResult>
    <UnitTestResult executionId="03a51cd9-6f8a-445c-8283-7c7e49985f4f" testId="367ebf26-a966-0f57-34c8-dd178c31dc6c" testName="numberOfDivisorsUnitTest" computerName="HJYANG" duration="00:00:00.0243406" startTime="2018-09-07T00:26:58.8564949+08:00" endTime="2018-09-07T00:26:58.8834793+08:00" testType="13cdc9d9-ddb5-4fa4-a97d-d965ccfc6d4b" outcome="Passed" testListId="8c84fa94-04c1-424b-9868-57a2d4851a1d" relativeResultsDirectory="03a51cd9-6f8a-445c-8283-7c7e49985f4f">
    </UnitTestResult>
    <UnitTestResult executionId="93eba8cf-94bc-43c4-8f24-655d050d412a" testId="18f28d63-dddf-ac67-77e0-81526b25650b" testName="isTriangularUnitTest" computerName="HJYANG" duration="00:00:00.0013017" startTime="2018-09-07T00:26:58.8844800+08:00" endTime="2018-09-07T00:26:58.8874784+08:00" testType="13cdc9d9-ddb5-4fa4-a97d-d965ccfc6d4b" outcome="Passed" testListId="8c84fa94-04c1-424b-9868-57a2d4851a1d" relativeResultsDirectory="93eba8cf-94bc-43c4-8f24-655d050d412a">
    </UnitTestResult>
    <UnitTestResult executionId="646588f3-e2b6-4e3b-ad42-8fb3c64af180" testId="0d774269-4a69-d206-119a-6e63576ba2dc" testName="formatArrayUnitTest" computerName="HJYANG" duration="00:00:00.0003908" startTime="2018-09-07T00:26:58.8884769+08:00" endTime="2018-09-07T00:26:58.8904754+08:00" testType="13cdc9d9-ddb5-4fa4-a97d-d965ccfc6d4b" outcome="Passed" testListId="8c84fa94-04c1-424b-9868-57a2d4851a1d" relativeResultsDirectory="646588f3-e2b6-4e3b-ad42-8fb3c64af180">
    </UnitTestResult>
    <UnitTestResult executionId="3f59aa89-16ec-4dc8-8be6-84807c15bd92" testId="c3ab52fe-7d09-263f-1652-d6db76b5468d" testName="concatArrayUnitTest" computerName="HJYANG" duration="00:00:00.0004812" startTime="2018-09-07T00:26:58.8914759+08:00" endTime="2018-09-07T00:26:58.8934739+08:00" testType="13cdc9d9-ddb5-4fa4-a97d-d965ccfc6d4b" outcome="Passed" testListId="8c84fa94-04c1-424b-9868-57a2d4851a1d" relativeResultsDirectory="3f59aa89-16ec-4dc8-8be6-84807c15bd92">
    </UnitTestResult>
    <UnitTestResult executionId="0806bc04-d569-4728-a1b6-ca42c93f860c" testId="133f1754-cead-6f3e-0ec8-a62fbf84ab88" testName="bigDiffUnitTest" computerName="HJYANG" duration="00:00:00.0002169" startTime="2018-09-07T00:26:58.8944732+08:00" endTime="2018-09-07T00:26:58.8964720+08:00" testType="13cdc9d9-ddb5-4fa4-a97d-d965ccfc6d4b" outcome="Passed" testListId="8c84fa94-04c1-424b-9868-57a2d4851a1d" relativeResultsDirectory="0806bc04-d569-4728-a1b6-ca42c93f860c">
    </UnitTestResult>
  </Results>
</TestRun>