<?xml version="1.0" encoding="UTF-8"?>
<TestRun id="4a3eb52c-1fff-44b1-bcf8-e57fa60dd058" name="Administrator@HJYANG 2018-09-07 00:14:20" runUser="HJYANG\Administrator" xmlns="http://microsoft.com/schemas/VisualStudio/TeamTest/2010">
  <TestSettings name="本地" id="2528fc98-d90d-4c8b-aea5-8dd477e84bae">
    <Description>这些设置为本地测试运行的默认测试设置。</Description>
    <Deployment enabled="false" runDeploymentRoot="Administrator_HJYANG 2018-09-07 00_14_20">
      <DeploymentItem filename="E:\AnyShare Cloud\杨慧炯\C#2018秋\AssignmentTwo\AssignmentTwo\bin\Debug\AssignmentTwo.exe" />
    </Deployment>
    <Execution>
      <TestTypeSpecific />
      <AgentRule name="Execution Agents">
      </AgentRule>
    </Execution>
  </TestSettings>
  <Times creation="2018-09-07T00:14:20.7718603+08:00" queuing="2018-09-07T00:14:20.8997846+08:00" start="2018-09-07T00:14:20.9037818+08:00" finish="2018-09-07T00:14:21.3994975+08:00" />
  <ResultSummary outcome="Error">
    <Counters total="8" executed="8" passed="8" error="0" failed="0" timeout="0" aborted="0" inconclusive="0" passedButRunAborted="0" notRunnable="0" notExecuted="0" disconnected="0" warning="0" completed="0" inProgress="0" pending="0" />
    <RunInfos>
      <RunInfo computerName="HJYANG" outcome="Error" timestamp="2018-09-07T00:14:21.3954995+08:00">
        <Text>类清理方法 TestAssignmentTwo.MyClassCleanup 失败。错误消息: Assert.Inconclusive 失败。Your score is :。堆栈跟踪:    在 TestAssigntmentTwo.TestAssignmentTwo.MyClassCleanup() 位置 E:\AnyShare Cloud\杨慧炯\C#2018秋\AssignmentTwo\TestAssigntmentTwo\TestAssignmentTwo.cs:行号 56
</Text>
      </RunInfo>
    </RunInfos>
  </ResultSummary>
  <TestDefinitions>
    <UnitTest name="concatArrayUnitTest" storage="e:\anyshare cloud\杨慧炯\c#2018秋\assignmenttwo\testassigntmenttwo\bin\debug\testassigntmenttwo.dll" id="c3ab52fe-7d09-263f-1652-d6db76b5468d">
      <Execution id="ac7373b7-ed26-405b-9b95-37bd8d1cd826" />
      <TestMethod codeBase="E:/AnyShare Cloud/杨慧炯/C#2018秋/AssignmentTwo/TestAssigntmentTwo/bin/Debug/TestAssigntmentTwo.DLL" adapterTypeName="Microsoft.VisualStudio.TestTools.TestTypes.Unit.UnitTestAdapter, Microsoft.VisualStudio.QualityTools.Tips.UnitTest.Adapter, Version=10.0.0.0, Culture=neutral, PublicKeyToken=b03f5f7f11d50a3a" className="TestAssigntmentTwo.TestAssignmentTwo, TestAssigntmentTwo, Version=1.0.0.0, Culture=neutral, PublicKeyToken=null" name="concatArrayUnitTest" />
    </UnitTest>
    <UnitTest name="bigDiffUnitTest" storage="e:\anyshare cloud\杨慧炯\c#2018秋\assignmenttwo\testassigntmenttwo\bin\debug\testassigntmenttwo.dll" id="133f1754-cead-6f3e-0ec8-a62fbf84ab88">
      <Execution id="609c2dfb-3db4-4e1f-9abe-933cbc10820a" />
      <TestMethod codeBase="E:/AnyShare Cloud/杨慧炯/C#2018秋/AssignmentTwo/TestAssigntmentTwo/bin/Debug/TestAssigntmentTwo.DLL" adapterTypeName="Microsoft.VisualStudio.TestTools.TestTypes.Unit.UnitTestAdapter, Microsoft.VisualStudio.QualityTools.Tips.UnitTest.Adapter, Version=10.0.0.0, Culture=neutral, PublicKeyToken=b03f5f7f11d50a3a" className="TestAssigntmentTwo.TestAssignmentTwo, TestAssigntmentTwo, Version=1.0.0.0, Culture=neutral, PublicKeyToken=null" name="bigDiffUnitTest" />
    </UnitTest>
    <UnitTest name="minUnitTest" storage="e:\anyshare cloud\杨慧炯\c#2018秋\assignmenttwo\testassigntmenttwo\bin\debug\testassigntmenttwo.dll" id="3a28acc5-0811-60d1-0142-344efeca9257">
      <Execution id="366bfa20-ec72-4868-8e40-a7228eb5b77c" />
      <TestMethod codeBase="E:/AnyShare Cloud/杨慧炯/C#2018秋/AssignmentTwo/TestAssigntmentTwo/bin/Debug/TestAssigntmentTwo.DLL" adapterTypeName="Microsoft.VisualStudio.TestTools.TestTypes.Unit.UnitTestAdapter, Microsoft.VisualStudio.QualityTools.Tips.UnitTest.Adapter, Version=10.0.0.0, Culture=neutral, PublicKeyToken=b03f5f7f11d50a3a" className="TestAssigntmentTwo.TestAssignmentTwo, TestAssigntmentTwo, Version=1.0.0.0, Culture=neutral, PublicKeyToken=null" name="minUnitTest" />
    </UnitTest>
    <UnitTest name="isTriangularUnitTest" storage="e:\anyshare cloud\杨慧炯\c#2018秋\assignmenttwo\testassigntmenttwo\bin\debug\testassigntmenttwo.dll" id="18f28d63-dddf-ac67-77e0-81526b25650b">
      <Execution id="424505c9-c99e-4b1f-8c19-e5afc91c90ed" />
      <TestMethod codeBase="E:/AnyShare Cloud/杨慧炯/C#2018秋/AssignmentTwo/TestAssigntmentTwo/bin/Debug/TestAssigntmentTwo.DLL" adapterTypeName="Microsoft.VisualStudio.TestTools.TestTypes.Unit.UnitTestAdapter, Microsoft.VisualStudio.QualityTools.Tips.UnitTest.Adapter, Version=10.0.0.0, Culture=neutral, PublicKeyToken=b03f5f7f11d50a3a" className="TestAssigntmentTwo.TestAssignmentTwo, TestAssigntmentTwo, Version=1.0.0.0, Culture=neutral, PublicKeyToken=null" name="isTriangularUnitTest" />
    </UnitTest>
    <UnitTest name="numberOfDivisorsUnitTest" storage="e:\anyshare cloud\杨慧炯\c#2018秋\assignmenttwo\testassigntmenttwo\bin\debug\testassigntmenttwo.dll" id="367ebf26-a966-0f57-34c8-dd178c31dc6c">
      <Execution id="c28271e7-6411-4289-be36-c0c5d0e30fb0" />
      <TestMethod codeBase="E:/AnyShare Cloud/杨慧炯/C#2018秋/AssignmentTwo/TestAssigntmentTwo/bin/Debug/TestAssigntmentTwo.DLL" adapterTypeName="Microsoft.VisualStudio.TestTools.TestTypes.Unit.UnitTestAdapter, Microsoft.VisualStudio.QualityTools.Tips.UnitTest.Adapter, Version=10.0.0.0, Culture=neutral, PublicKeyToken=b03f5f7f11d50a3a" className="TestAssigntmentTwo.TestAssignmentTwo, TestAssigntmentTwo, Version=1.0.0.0, Culture=neutral, PublicKeyToken=null" name="numberOfDivisorsUnitTest" />
    </UnitTest>
    <UnitTest name="mostCommonItemUnitTest" storage="e:\anyshare cloud\杨慧炯\c#2018秋\assignmenttwo\testassigntmenttwo\bin\debug\testassigntmenttwo.dll" id="32390355-2471-838d-41b3-60f0b7013a86">
      <Execution id="1a12db79-d1f7-4225-8d8f-ea8f622c1f60" />
      <TestMethod codeBase="E:/AnyShare Cloud/杨慧炯/C#2018秋/AssignmentTwo/TestAssigntmentTwo/bin/Debug/TestAssigntmentTwo.DLL" adapterTypeName="Microsoft.VisualStudio.TestTools.TestTypes.Unit.UnitTestAdapter, Microsoft.VisualStudio.QualityTools.Tips.UnitTest.Adapter, Version=10.0.0.0, Culture=neutral, PublicKeyToken=b03f5f7f11d50a3a" className="TestAssigntmentTwo.TestAssignmentTwo, TestAssigntmentTwo, Version=1.0.0.0, Culture=neutral, PublicKeyToken=null" name="mostCommonItemUnitTest" />
    </UnitTest>
    <UnitTest name="maxUnitTest" storage="e:\anyshare cloud\杨慧炯\c#2018秋\assignmenttwo\testassigntmenttwo\bin\debug\testassigntmenttwo.dll" id="b49c96b9-d0f6-76a9-bfd0-ff6706da91df">
      <Execution id="4c186e72-3b29-4071-ad60-de9cb459cf02" />
      <TestMethod codeBase="E:/AnyShare Cloud/杨慧炯/C#2018秋/AssignmentTwo/TestAssigntmentTwo/bin/Debug/TestAssigntmentTwo.DLL" adapterTypeName="Microsoft.VisualStudio.TestTools.TestTypes.Unit.UnitTestAdapter, Microsoft.VisualStudio.QualityTools.Tips.UnitTest.Adapter, Version=10.0.0.0, Culture=neutral, PublicKeyToken=b03f5f7f11d50a3a" className="TestAssigntmentTwo.TestAssignmentTwo, TestAssigntmentTwo, Version=1.0.0.0, Culture=neutral, PublicKeyToken=null" name="maxUnitTest" />
    </UnitTest>
    <UnitTest name="formatArrayUnitTest" storage="e:\anyshare cloud\杨慧炯\c#2018秋\assignmenttwo\testassigntmenttwo\bin\debug\testassigntmenttwo.dll" id="0d774269-4a69-d206-119a-6e63576ba2dc">
      <Execution id="234ca1c4-e747-40dd-ba28-22e986f1cde4" />
      <TestMethod codeBase="E:/AnyShare Cloud/杨慧炯/C#2018秋/AssignmentTwo/TestAssigntmentTwo/bin/Debug/TestAssigntmentTwo.DLL" adapterTypeName="Microsoft.VisualStudio.TestTools.TestTypes.Unit.UnitTestAdapter, Microsoft.VisualStudio.QualityTools.Tips.UnitTest.Adapter, Version=10.0.0.0, Culture=neutral, PublicKeyToken=b03f5f7f11d50a3a" className="TestAssigntmentTwo.TestAssignmentTwo, TestAssigntmentTwo, Version=1.0.0.0, Culture=neutral, PublicKeyToken=null" name="formatArrayUnitTest" />
    </UnitTest>
  </TestDefinitions>
  <TestLists>
    <TestList name="列表中未列出的结果" id="8c84fa94-04c1-424b-9868-57a2d4851a1d" />
    <TestList name="所有已加载的结果" id="19431567-8539-422a-85d7-44ee4e166bda" />
  </TestLists>
  <TestEntries>
    <TestEntry testId="b49c96b9-d0f6-76a9-bfd0-ff6706da91df" executionId="4c186e72-3b29-4071-ad60-de9cb459cf02" testListId="8c84fa94-04c1-424b-9868-57a2d4851a1d" />
    <TestEntry testId="3a28acc5-0811-60d1-0142-344efeca9257" executionId="366bfa20-ec72-4868-8e40-a7228eb5b77c" testListId="8c84fa94-04c1-424b-9868-57a2d4851a1d" />
    <TestEntry testId="32390355-2471-838d-41b3-60f0b7013a86" executionId="1a12db79-d1f7-4225-8d8f-ea8f622c1f60" testListId="8c84fa94-04c1-424b-9868-57a2d4851a1d" />
    <TestEntry testId="367ebf26-a966-0f57-34c8-dd178c31dc6c" executionId="c28271e7-6411-4289-be36-c0c5d0e30fb0" testListId="8c84fa94-04c1-424b-9868-57a2d4851a1d" />
    <TestEntry testId="18f28d63-dddf-ac67-77e0-81526b25650b" executionId="424505c9-c99e-4b1f-8c19-e5afc91c90ed" testListId="8c84fa94-04c1-424b-9868-57a2d4851a1d" />
    <TestEntry testId="0d774269-4a69-d206-119a-6e63576ba2dc" executionId="234ca1c4-e747-40dd-ba28-22e986f1cde4" testListId="8c84fa94-04c1-424b-9868-57a2d4851a1d" />
    <TestEntry testId="c3ab52fe-7d09-263f-1652-d6db76b5468d" executionId="ac7373b7-ed26-405b-9b95-37bd8d1cd826" testListId="8c84fa94-04c1-424b-9868-57a2d4851a1d" />
    <TestEntry testId="133f1754-cead-6f3e-0ec8-a62fbf84ab88" executionId="609c2dfb-3db4-4e1f-9abe-933cbc10820a" testListId="8c84fa94-04c1-424b-9868-57a2d4851a1d" />
  </TestEntries>
  <Results>
    <UnitTestResult executionId="4c186e72-3b29-4071-ad60-de9cb459cf02" testId="b49c96b9-d0f6-76a9-bfd0-ff6706da91df" testName="maxUnitTest" computerName="HJYANG" duration="00:00:00.0127207" startTime="2018-09-07T00:14:20.9067811+08:00" endTime="2018-09-07T00:14:21.3085508+08:00" testType="13cdc9d9-ddb5-4fa4-a97d-d965ccfc6d4b" outcome="Passed" testListId="8c84fa94-04c1-424b-9868-57a2d4851a1d" relativeResultsDirectory="4c186e72-3b29-4071-ad60-de9cb459cf02">
    </UnitTestResult>
    <UnitTestResult executionId="366bfa20-ec72-4868-8e40-a7228eb5b77c" testId="3a28acc5-0811-60d1-0142-344efeca9257" testName="minUnitTest" computerName="HJYANG" duration="00:00:00.0004456" startTime="2018-09-07T00:14:21.3105494+08:00" endTime="2018-09-07T00:14:21.3135501+08:00" testType="13cdc9d9-ddb5-4fa4-a97d-d965ccfc6d4b" outcome="Passed" testListId="8c84fa94-04c1-424b-9868-57a2d4851a1d" relativeResultsDirectory="366bfa20-ec72-4868-8e40-a7228eb5b77c">
    </UnitTestResult>
    <UnitTestResult executionId="1a12db79-d1f7-4225-8d8f-ea8f622c1f60" testId="32390355-2471-838d-41b3-60f0b7013a86" testName="mostCommonItemUnitTest" computerName="HJYANG" duration="00:00:00.0004655" startTime="2018-09-07T00:14:21.3145477+08:00" endTime="2018-09-07T00:14:21.3175452+08:00" testType="13cdc9d9-ddb5-4fa4-a97d-d965ccfc6d4b" outcome="Passed" testListId="8c84fa94-04c1-424b-9868-57a2d4851a1d" relativeResultsDirectory="1a12db79-d1f7-4225-8d8f-ea8f622c1f60">
    </UnitTestResult>
    <UnitTestResult executionId="c28271e7-6411-4289-be36-c0c5d0e30fb0" testId="367ebf26-a966-0f57-34c8-dd178c31dc6c" testName="numberOfDivisorsUnitTest" computerName="HJYANG" duration="00:00:00.0296789" startTime="2018-09-07T00:14:21.3195435+08:00" endTime="2018-09-07T00:14:21.3505260+08:00" testType="13cdc9d9-ddb5-4fa4-a97d-d965ccfc6d4b" outcome="Passed" testListId="8c84fa94-04c1-424b-9868-57a2d4851a1d" relativeResultsDirectory="c28271e7-6411-4289-be36-c0c5d0e30fb0">
    </UnitTestResult>
    <UnitTestResult executionId="424505c9-c99e-4b1f-8c19-e5afc91c90ed" testId="18f28d63-dddf-ac67-77e0-81526b25650b" testName="isTriangularUnitTest" computerName="HJYANG" duration="00:00:00.0006420" startTime="2018-09-07T00:14:21.3515250+08:00" endTime="2018-09-07T00:14:21.3545231+08:00" testType="13cdc9d9-ddb5-4fa4-a97d-d965ccfc6d4b" outcome="Passed" testListId="8c84fa94-04c1-424b-9868-57a2d4851a1d" relativeResultsDirectory="424505c9-c99e-4b1f-8c19-e5afc91c90ed">
    </UnitTestResult>
    <UnitTestResult executionId="234ca1c4-e747-40dd-ba28-22e986f1cde4" testId="0d774269-4a69-d206-119a-6e63576ba2dc" testName="formatArrayUnitTest" computerName="HJYANG" duration="00:00:00.0003848" startTime="2018-09-07T00:14:21.3555230+08:00" endTime="2018-09-07T00:14:21.3575227+08:00" testType="13cdc9d9-ddb5-4fa4-a97d-d965ccfc6d4b" outcome="Passed" testListId="8c84fa94-04c1-424b-9868-57a2d4851a1d" relativeResultsDirectory="234ca1c4-e747-40dd-ba28-22e986f1cde4">
    </UnitTestResult>
    <UnitTestResult executionId="ac7373b7-ed26-405b-9b95-37bd8d1cd826" testId="c3ab52fe-7d09-263f-1652-d6db76b5468d" testName="concatArrayUnitTest" computerName="HJYANG" duration="00:00:00.0004721" startTime="2018-09-07T00:14:21.3585220+08:00" endTime="2018-09-07T00:14:21.3615198+08:00" testType="13cdc9d9-ddb5-4fa4-a97d-d965ccfc6d4b" outcome="Passed" testListId="8c84fa94-04c1-424b-9868-57a2d4851a1d" relativeResultsDirectory="ac7373b7-ed26-405b-9b95-37bd8d1cd826">
    </UnitTestResult>
    <UnitTestResult executionId="609c2dfb-3db4-4e1f-9abe-933cbc10820a" testId="133f1754-cead-6f3e-0ec8-a62fbf84ab88" testName="bigDiffUnitTest" computerName="HJYANG" duration="00:00:00.0001984" startTime="2018-09-07T00:14:21.3625188+08:00" endTime="2018-09-07T00:14:21.3635181+08:00" testType="13cdc9d9-ddb5-4fa4-a97d-d965ccfc6d4b" outcome="Passed" testListId="8c84fa94-04c1-424b-9868-57a2d4851a1d" relativeResultsDirectory="609c2dfb-3db4-4e1f-9abe-933cbc10820a">
    </UnitTestResult>
  </Results>
</TestRun>